// Jest Snapshot v1, https://goo.gl/fbAQLP

exports[`autocomplete.js snapshot!! 1`] = `
<input
  class="input small"
  style="width: 200px;"
  type="text"
/>
`;
